[?7h[40m[2J[40m
[0;1m[26C[0;34mW[1melcome to the [0;34mA[1mrmour [0;34mS[1mhop


[9C[0;33mлллллллллллллллллллл
[9Cллллллллл[43m  [40mллллллллл
[9Cллллллллл[31;43mлл[33;40mллллллллл
[9Cллллллллл[31;43mлл[33;40mллллллллл
[9Cллллл[31;43mлллллллллл[33;40mллллл
[9Cллллллллл[31;43mлл[33;40mллллллллл
[10Cлллллллл[31;43mлл[33;40mлллллллл
[11Cллллллл[31;43mлл[33;40mллллллл
[12Cлллллллллллллл
[13Cлллллллллллл
[14Cлллллллллл
[15Cлллллллл



[0m
