[?7h[40m[2J[40m



[0;1m[18C[0mллллллллл
[15Cллл[9Cллл
[13Cлл[15Cлл
[12Cл[19Cл
   ооо[5Cл[21Cл[5Cллн
   ооо    л[23Cл    ллн
    лн    л[23Cл    ол
    лн    л[23Cл    ол
    лн[5Cл[21Cл[5Cол
    лн[6Cл[19Cл[6Cол
    лн[7Cлл[15Cлл[7Cол
[15Cллл[9Cллл
[18Cллллллллл


[0m
