[?7h[40m[2J[40m
[0;1m[26C[0;34mW[1melcome to the [0;34mH[1mealing [0;34mR[1moom


[37C[0m‹‹
[37Cﬁ›
[14C[31m‹‹‹‹[18C[37m‹ﬁ›‹
[14C[31m€€€€[17C[37mﬁ €€ ›
[14C[31m€€€€[18C[37mﬂﬁ›ﬂ
[9C[31m€€€€€€€€€€€€€€[14C[1;37m€€
[9C[0;31m€€€€€€€€€€€€€€[14C[1;37m€€
[14C[0;31m€€€€[19C[1;37m€€
[14C[0;31m€€€€[19C[1;37m€€
[14C[0;31mﬂﬂﬂﬂ[19C[1;37m€€[15C[0;33m∞∞∞∞∞∞±±±±∞∞∞∞∞∞
[38C[1;30m›[15C[0;33m∞∞∞∞∞∞±±±±∞∞∞∞∞∞
[38C[1;30m›



[0m
