[?7h[40m[2J[40m

[0;1m[28C[34mT[0;34mhe [1mD[0;34mark [1mT[0;34mower [1mA[0;34mdventures





[28C[1mT[0;34mhe [1mD[0;34mark [1mT[0;34mower [1mA[0;34mdventures
[26C[1m([0;34mc[1m) C[0;34mopyright [1m2019-2020: RCS







[27CY[0;34mour [1mC[0;34mhoice, [1mGunslinger? [0;34m:

[0m
