[?7h[40m[2J[0;30;47m                      [37;40mлллллл[30;47mOn The Beam Today[37;40mллллллллл[47m                       [40m
лллл[30;47mMorning Edition[37;40mллллл[30;47mAll The News That's Fit to Print[37;40mллллллл[47m              [40m
ллллллллллллллллллллллллллллллллллллллллллллллллллллллллллллллллллллллллллллл
ллллллллллллллллллллллллллллллллллллллллллллллллллллллллллллллллллллллллллллл
ллллллллллллллллллллллллллллллллллллллллллллллллллллллллллллллллллллллллллллл
ллллллллллллллллллллллллллллллллллллллллллллллллллллллллллллллллллллллллллллл
ллллллллллллллллллллллллллллллллллллллллллллллллллллллллллллллллллллллллллллл
ллллллллллллллллллллллллллллллллллллллллллллллллллллллллллллллллллллллллллллл
ллллллллллллллллллллллллллллллллллллллллллллллллллллллллллллллллллллллллллллл
ллллллллллллллллллллллллллллллллллллллллллллллллллллллллллллллллллллллллллллл
ллллллллллллллллллллллллллллллллллллллллллллллллллллллллллллллллллллллллллллл
ллллллллллллллллллллллллллллллллллллллллллллллллллллллллллллллллллллллллллллл
ллллллллллллллллллллллллллллллллллллллллллллллллллллллллллллллллллллллллллллл
ллллллллллллллллллллллллллллллллллллллллллллллллллллллллллллллллллллллллллллл
ллллллллллллллллллллллллллллллллллллллллллллллллллллллллллллллллллллллллллллл
ллллллллллллллллллллллллллллллллллллллллллллллллллллллллллллллллллллллллллллл
ллллллллллллллллллллллллллллллллллллллллллллллллллллллллллллллллллллллллллллл
ллллллллллллллллллллллллллллллллллллллллллллллллллллллллллллллллллллллллллллл
ллллллллллллллллллллллллллллллллллллллллллллллллллллллллллллллллллллллллллллл
ллллллллллллллллллллллллллллллллллллллллллллллллллллллллллллллллллллллллллллл
ллллллллллллллллллллллллллллллллллллллллллллллллллллллллллллллллллллллллллллл
ллллллллллллллллллллллллллллллллллллллллллллллллллллллллллллллллллллллллллллл[0m
