[?7h[40m[2J[40m



[0;30m[48C[1;37mждддддддддддддддд©
[48C╨ [30mExperience  [37mзд©Ё
[48C╨[13CюдыЁ
[48C╨ [30mGold[8C[37mзд©Ё
[48C╨[13CюдыЁ
[48C╨ [30mStrength    [37mзд©Ё
[48C╨[13CюдыЁ
[48C╨ [30mDefense[5C[37mзд©Ё
[48C╨[13CюдыЁ
[48C╨ [30mTimes Won   [37mзд©Ё
[48C╨[13CюдыЁ
[48C╨[16CЁ
[48Cхмммммммммммммммм╬


[0m
