[?7h[40m[2J[40m
[0;1m[51C[36mÖÄÄÄÄÄÄÄÄÄÄÄÄÄ·
  [0;34mT[1make a look around the room...[19C[36mº    [37mFloor    [36mº
  [0;34mY[1mou'll never know what you might find...[9C[36mº[13Cº
[51CÓÄÄÄÄÄÄÄÄÄÄÄÄÄ½

  [0;34m([1mL[0;34m)[1mook around the room

  [0;34m([1mH[0;34m)[1mealer's

  [0;34m([1mU[0;34m)[1mp a level
  [0;34m([1mD[0;34m)[1mown a level

  [0;34m([1mR[0;34m)[1meturn to town
[0m
