[?7h[40m[2J[40m
[0;1m[27C[0;34mW[1melcome to the [0;34mW[1meapon [0;34mS[1mhop

[14C[0m€‹[9C€€  €€€ﬂ
[14C€€[9C€€€ €€
[14C€€[9C€€€€€
[14C€€[9C€€€€€
[14C€€[9C€€€€€
[14C€€[9C€€€ €€
[14C€€[9C€€  €€€‹
[14C[1;30m±±[9C±±
[14C[0;33m≤≤[9C∞∞
[14C≤≤[9C∞∞
[14C≤≤[9C∞∞





[0m
